../Core/Src/oled.c:9:13:OLED_Delay	16	static
../Core/Src/oled.c:15:13:OLED_SCL	16	static
../Core/Src/oled.c:21:13:OLED_SDA	16	static
../Core/Src/oled.c:27:13:OLED_I2C_InitPins	32	static
../Core/Src/oled.c:42:13:OLED_Start	8	static
../Core/Src/oled.c:50:13:OLED_Stop	8	static
../Core/Src/oled.c:57:13:OLED_WriteByte	24	static
../Core/Src/oled.c:71:13:OLED_WriteCommand	16	static
../Core/Src/oled.c:80:13:OLED_WriteData	16	static
../Core/Src/oled.c:89:13:OLED_SetCursor	16	static
../Core/Src/oled.c:96:13:OLED_GetGlyph	16	static
../Core/Src/oled.c:159:6:OLED_Init	8	static
../Core/Src/oled.c:196:6:OLED_Clear	16	static
../Core/Src/oled.c:206:6:OLED_ShowString	24	static
../Core/Src/oled.c:220:6:OLED_ShowString2x	56	static
../Core/Src/oled.c:262:6:OLED_ShowU32	32	static
